[debug] [2026-02-20T22:20:51.487Z] ----------------------------------------------------------------------
[debug] [2026-02-20T22:20:51.494Z] Command:       C:\nvm4w\nodejs\node.exe C:\nvm4w\nodejs\node_modules\firebase-tools\lib\bin\firebase.js deploy --only functions
[debug] [2026-02-20T22:20:51.495Z] CLI Version:   15.7.0
[debug] [2026-02-20T22:20:51.496Z] Platform:      win32
[debug] [2026-02-20T22:20:51.496Z] Node Version:  v20.19.6
[debug] [2026-02-20T22:20:51.496Z] Time:          Sat Feb 21 2026 00:20:51 GMT+0200 (Eastern European Standard Time)
[debug] [2026-02-20T22:20:51.497Z] ----------------------------------------------------------------------
[debug] 
[error] 
[error] Error: Not in a Firebase app directory (could not locate firebase.json)
[debug] [2026-02-20T22:22:08.021Z] Error: EBUSY: resource busy or locked, unlink 'C:\ruvo-application\functions\firebase-debug.log'
    at Object.unlinkSync (node:fs:1886:11)
    at process.<anonymous> (C:\Users\Administrateur\AppData\Local\nvm\v20.19.6\node_modules\firebase-tools\lib\bin\cli.js:44:16)
    at process.emit (node:events:536:35)
    at process.exit (node:internal/process/per_thread:184:15)
    at Timeout._onTimeout (C:\Users\Administrateur\AppData\Local\nvm\v20.19.6\node_modules\firebase-tools\lib\errorOut.js:20:17)
    at listOnTimeout (node:internal/timers:581:17)
    at process.processTimers (node:internal/timers:519:7)
[error] 
[error] Error: An unexpected error has occurred.
